                    00001           ;TPicSim4
                    00002           ;Programm zum Test des 16F84-Simulators.
                    00003           ;Es werden die Befehle DECFSZ, INCFSZ, RLF, RRF geprüft
                    00004           ;(c) St. Lehmann
                    00005           ;Ersterstellung: 23.03.2016
                    00006           ;Korrektur und ergänzt 09.05.2017 durch: Dominik Vogel
                    00007           ;
                    00008           list c=132          ;Zeilenlänge im LST auf 132 Zeichen setzen
                    00009           
                    00010           ;Definition einiger Symbole
                    00011           ;zuerst Hardware-Register
                    00012           status   equ 03h
                    00013           ra       equ 05h
                    00014           rb       equ 06h
                    00015           
                    00016           ;für den Benutzer frei verwendbare Register
                    00017           wert1    equ 0ch             ;Variable Nr.1
                    00018           wert2    equ 0dh             ;Variable Nr.2
                    00019           ergeb    equ 0eh             ;Variable Nr.3
                    00020           
                    00021           ;Definition des Prozessors
                    00022           device 16F84
                    00023             
                    00024           ;Festlegen des Codebeginns
                    00025           org 0
                    00026  loop     
0000 3011           00027           movlw 11h           ;in W steht nun 11h, DC=?, C=?, Z=?
0001 008C           00028           movwf wert1         ;diesen Wert abspeichern, DC=?, C=?, Z=?
0002 3E11           00029           addlw 11h           ;löscht u.a. das Carry-Flag,  DC=0, C=0, Z=0
0003 0D8C           00030           rlf wert1           ;W=22h, wert1=22h, wert2=?? , DC=0, C=0, Z=0
0004 0D8C           00031           rlf wert1           ;W=22h, wert1=44h, wert2=?? , DC=0, C=0, Z=0
0005 0D8C           00032           rlf wert1           ;W=22h, wert1=88h, wert2=?? , DC=0, C=0, Z=0
0006 0D0C           00033           rlf wert1,w         ;W=10h, wert1=88h, wert2=?? , DC=0, C=1, Z=0
0007 0D8C           00034           rlf wert1           ;W=10h, wert1=11h, wert2=?? , DC=0, C=1, Z=0
0008 0D0C           00035           rlf wert1,w         ;W=23h, wert1=11h, wert2=?? , DC=0, C=0, Z=0
0009 0C8C           00036           rrf wert1           ;W=23h, wert1=08h, wert2=?? , DC=0, C=1, Z=0
000A 008D           00037           movwf wert2         ;W=23h, wert1=08h, wert2=23h, DC=0, C=1, Z=0
000B 0C8D           00038           rrf wert2           ;W=23h, wert1=08h, wert2=91h, DC=0, C=1, Z=0
000C 0C0D           00039           rrf wert2,w         ;W=C8h, wert1=08h, wert2=91h, DC=0, C=1, Z=0
                    00040             
000D 3009           00041           movlw 9             ;W=09h, wert1=08h, wert2=91h, DC=0, C=1, Z=0
000E 008C           00042           movwf wert1         ;W=09h, wert1=09h, wert2=91h, DC=0, C=1, Z=0
000F 0100           00043           clrw                ;W=00h, wert1=09h, wert2=91h, DC=0, C=1, Z=1
                    00044  loop1    
0010 3E01           00045           addlw 1             ;W=01h, DC=0, C=0, Z=0
                    00046           ;W=02h, DC=0, C=0, Z=0
                    00047           ;W=03h, DC=0, C=0, Z=0
                    00048           ;W=04h, DC=0, C=0, Z=0
                    00049           ;W=05h, DC=0, C=0, Z=0
                    00050           ;W=06h, DC=0, C=0, Z=0
                    00051           ;W=07h, DC=0, C=0, Z=0
                    00052           ;W=08h, DC=0, C=0, Z=0
                    00053           ;W=09h, DC=0, C=0, Z=0
0011 078D           00054           addwf wert2         ;wert2=92h, DC=0, C=0, Z=0
                    00055           ;wert2=94h, DC=0, C=0, Z=0
                    00056           ;wert2=97h, DC=0, C=0, Z=0
                    00057           ;wert2=9Bh, DC=0, C=0, Z=0
                    00058           ;wert2=A0h, DC=1, C=0, Z=0
                    00059           ;wert2=A6h, DC=0, C=0, Z=0
                    00060           ;wert2=ADh, DC=0, C=0, Z=0
                    00061           ;wert2=B5h, DC=1, C=0, Z=0
                    00062           ;wert2=BEh, DC=0, C=0, Z=0
0012 0B8C           00063           decfsz wert1        ;wert1=08h, wert1=07h, ... DC,C und Z bleiben unverändert
0013 2810           00064           goto loop1
                    00065             
0014 30F0           00066           movlw 0f0h          ;Wert wird bis 00h (über FFh) hochgezählt
0015 008C           00067           movwf wert1
0016 018D           00068           clrf wert2
0017 0100           00069           clrw
                    00070  loop2    
0018 070C           00071           addwf wert1,w       ;W=F0h, wert1=F0h, wert2=00h, DC=0, C=0, Z=0      
                    00072           ;W=E1h, wert1=F1h, wert2=01h, DC=0, C=1, Z=0
                    00073           ;W=D3h, wert1=F2h, wert2=02h, DC=0, C=1, Z=0
                    00074           ;W=C6h, wert1=F3h, wert2=03h, DC=0, C=1, Z=0
                    00075           ;W=BAh, wert1=F4h, wert2=04h, DC=0, C=1, Z=0
                    00076           ;W=AFh, wert1=F5h, wert2=05h, DC=0, C=1, Z=0
                    00077           ;W=A5h, wert1=F6h, wert2=06h, DC=1, C=1, Z=0
                    00078           ;W=9Ch, wert1=F7h, wert2=07h, DC=0, C=1, Z=0
                    00079           ;W=94h, wert1=F8h, wert2=08h, DC=1, C=1, Z=0
                    00080           ;W=8Dh, wert1=F9h, wert2=09h, DC=0, C=1, Z=0
                    00081           ;W=87h, wert1=FAh, wert2=0Ah, DC=1, C=1, Z=0
                    00082           ;W=82h, wert1=FBh, wert2=0Bh, DC=1, C=1, Z=0
                    00083           ;W=7Eh, wert1=FCh, wert2=0Ch, DC=0, C=1, Z=0
                    00084           ;W=7Bh, wert1=FDh, wert2=0Dh, DC=1, C=1, Z=0
                    00085           ;W=79h, wert1=FEh, wert2=0Eh, DC=1, C=1, Z=0
                    00086           ;W=78h, wert1=FFh, wert2=0Fh, DC=1, C=1, Z=0
                    00087             
0019 0A8D           00088           incf wert2          ;W=F0h, wert1=F0h, wert2=01h, DC=0, C=0, Z=0
                    00089           ;W=E1h, wert1=F1h, wert2=02h, DC=0, C=1, Z=0
                    00090             
                    00091           ;W=D3h, wert1=F2h, wert2=03h, DC=0, C=1, Z=0
                    00092           ;W=C6h, wert1=F3h, wert2=04h, DC=0, C=1, Z=0
                    00093           ;W=BAh, wert1=F4h, wert2=05h, DC=0, C=1, Z=0
                    00094           ;W=AFh, wert1=F5h, wert2=06h, DC=0, C=1, Z=0
                    00095           ;W=A5h, wert1=F6h, wert2=07h, DC=1, C=1, Z=0
                    00096           ;W=9Ch, wert1=F7h, wert2=08h, DC=0, C=1, Z=0
                    00097           ;W=94h, wert1=F8h, wert2=09h, DC=1, C=1, Z=0
                    00098           ;W=8Dh, wert1=F9h, wert2=0Ah, DC=0, C=1, Z=0
                    00099           ;W=87h, wert1=FAh, wert2=0Bh, DC=1, C=1, Z=0
                    00100           ;W=82h, wert1=FBh, wert2=0Ch, DC=1, C=1, Z=0
                    00101           ;W=7Eh, wert1=FCh, wert2=0Dh, DC=0, C=1, Z=0
                    00102           ;W=7Bh, wert1=FDh, wert2=0Eh, DC=1, C=1, Z=0
                    00103           ;W=79h, wert1=FEh, wert2=0Fh, DC=1, C=1, Z=0
                    00104           ;W=78h, wert1=FFh, wert2=10h, DC=1, C=1, Z=0
001A 0F8C           00105           incfsz wert1        ;wert1=F1h, F2h, F3h .. FFh, 00h, wert2 und Flags bleiben unverändert
001B 2818           00106           goto loop2         
                    00107             
                    00108  ende     
001C 281C           00109           goto ende           ;Endlosschleife, verhindert Nirwana
                    00110           
                    00111             
